[ Deze Deense arbeider zaagt gekapt hout in kleine stukken om het geschikt te maken voor transport
De overige onderzeeërs bleven [ de X-boten zonder verdere problemen slepen op 18 september ] .
De herdenkingsdag werd ook in Amsterdam en Den Haag gevierd , maar de bijeenkomst in Rotterdam was dit keer de belangrijkste , omdat minister van Boxtel ( integratiezaken ) er bekend maakte welke kunstenaar [ de opdracht in de wacht ] had [ gesleept voor het maken van een Nationaal Monument Slavernijverleden ] .
Weet Gerhard Schröder ( SPD ) [ een tweede ambtstermijn in de wacht ] te [ slepen ] ?
Timberlake daarentegen was er wél en [ sleepte twee prijzen in de wacht ] .
[ De regeringsfrakties van CDA en D66 en de oppositie sleepten nog wel de toezegging in de wacht dat de minister een scherp oog zal blijven houden voor de zogenoemde schrijnende gevallen ] .
